Usuario@DESKTOP-49I9VH2 MINGW64 ~/Desktop/2 repositorio (master)
$ git init
Initialized empty Git repository in C:/Users/Usuario/Desktop/2 repositorio/.git/

Usuario@DESKTOP-49I9VH2 MINGW64 ~/Desktop/2 repositorio (master)
$ git status
On branch master

No commits yet

Untracked files:
  (use "git add <file>..." to include in what will be committed)
        empresa.html
        estilo.css
        formulario.php

nothing added to commit but untracked files present (use "git add" to track)

Usuario@DESKTOP-49I9VH2 MINGW64 ~/Desktop/2 repositorio (master)
$ git add empresa.html

Usuario@DESKTOP-49I9VH2 MINGW64 ~/Desktop/2 repositorio (master)
$ git commit -m "tablas y formularios en html"
[master (root-commit) 14a6aef] tablas y formularios en html
 1 file changed, 78 insertions(+)
 create mode 100644 empresa.html

Usuario@DESKTOP-49I9VH2 MINGW64 ~/Desktop/2 repositorio (master)
$ git branch -m main

Usuario@DESKTOP-49I9VH2 MINGW64 ~/Desktop/2 repositorio (main)
$ git remote add origin https://github.com/Airton28/segundo-repositorio-tablas-y-formularios-.git

Usuario@DESKTOP-49I9VH2 MINGW64 ~/Desktop/2 repositorio (main)
$ git push -u origin main
Enumerating objects: 3, done.
Counting objects: 100% (3/3), done.
Delta compression using up to 4 threads
Compressing objects: 100% (2/2), done.
Writing objects: 100% (3/3), 987 bytes | 987.00 KiB/s, done.
Total 3 (delta 0), reused 0 (delta 0), pack-reused 0
To https://github.com/Airton28/segundo-repositorio-tablas-y-formularios-.git
 * [new branch]      main -> main
branch 'main' set up to track 'origin/main'.

Usuario@DESKTOP-49I9VH2 MINGW64 ~/Desktop/2 repositorio (main)
$ git add .

Usuario@DESKTOP-49I9VH2 MINGW64 ~/Desktop/2 repositorio (main)
$ git commit -m "Php y Css"
[main 5932756] Php y Css
 2 files changed, 25 insertions(+)
 create mode 100644 estilo.css
 create mode 100644 formulario.php

Usuario@DESKTOP-49I9VH2 MINGW64 ~/Desktop/2 repositorio (main)
$ git branch -m mamin

Usuario@DESKTOP-49I9VH2 MINGW64 ~/Desktop/2 repositorio (mamin)
$ git branch -m main

Usuario@DESKTOP-49I9VH2 MINGW64 ~/Desktop/2 repositorio (main)
$ git push
Enumerating objects: 5, done.
Counting objects: 100% (5/5), done.
Delta compression using up to 4 threads
Compressing objects: 100% (4/4), done.
Writing objects: 100% (4/4), 667 bytes | 667.00 KiB/s, done.
Total 4 (delta 0), reused 0 (delta 0), pack-reused 0
To https://github.com/Airton28/segundo-repositorio-tablas-y-formularios-.git
   14a6aef..5932756  main -> main

